; Source: .\examples\fpga\gpio_pwm_1khz_sweep_demo.asm
0000  [29] CLR RA
      0000  84  MOV RA, ZERO
0001  [30] CLR PRL
      0001  AC  MOV PRL, ZERO
0002  [31] CLR PRH
      0002  B4  MOV PRH, ZERO
0003  [32] CLR MARL
      0003  9C  MOV MARL, ZERO
0004  [33] CLR MARH
      0004  A4  MOV MARH, ZERO
0005  [35] LDI $GPIO_BASE_H
      0005  C8  LDL RA, #8
0006  [36] MOV MARH, RA
      0006  A0  MOV MARH, RA
0007  [39] LDI $GPIO0_PWM_PERIOD_LO
      0007  C8  LDL RA, #8
0008  [40] MOV MARL, RA
      0008  98  MOV MARL, RA
0009  [41] LDI $PWM_PERIOD_LO
      0009  D7  LDL RA, #23
      000A  33  LDH RA, #3
000B  [42] MOV M, RA
      000B  B8  MOV M, RA
000C  [44] LDI $GPIO0_PWM_PERIOD_MI
      000C  C9  LDL RA, #9
000D  [45] MOV MARL, RA
      000D  98  MOV MARL, RA
000E  [46] LDI $PWM_PERIOD_MI
      000E  C9  LDL RA, #9
      000F  33  LDH RA, #3
0010  [47] MOV M, RA
      0010  B8  MOV M, RA
0011  [49] LDI $GPIO0_PWM_PERIOD_HI
      0011  CA  LDL RA, #10
0012  [50] MOV MARL, RA
      0012  98  MOV MARL, RA
0013  [51] LDI $PWM_PERIOD_HI
      0013  C0  LDL RA, #0
0014  [52] MOV M, RA
      0014  B8  MOV M, RA
0015  [55] LDI $GPIO_BIT1_DIR_L
      0015  D1  LDL RA, #17
      0016  31  LDH RA, #1
0017  [56] MOV MARL, RA
      0017  98  MOV MARL, RA
0018  [57] LDI #1
      0018  C1  LDL RA, #1
0019  [58] MOV M, RA
      0019  B8  MOV M, RA
001A  [61] LDI $GPIO_BIT1_OUT_L
      001A  C1  LDL RA, #1
      001B  31  LDH RA, #1
001C  [62] MOV MARL, RA
      001C  98  MOV MARL, RA
001D  [63] CLR RA
      001D  84  MOV RA, ZERO
001E  [64] MOV M, RA
      001E  B8  MOV M, RA
001F  [67] LDI $GPIO_BIT1_PWM_EN_L
      001F  C1  LDL RA, #1
      0020  32  LDH RA, #2
0021  [68] MOV MARL, RA
      0021  98  MOV MARL, RA
0022  [69] LDI #1
      0022  C1  LDL RA, #1
0023  [70] MOV M, RA
      0023  B8  MOV M, RA
0024  [73] CLR RA
      0024  84  MOV RA, ZERO
0025  [74] MOV RD, RA
      0025  88  MOV RD, RA
0026  [75] MOV RB, RA
      0026  90  MOV RB, RA
0027  [79] LDI $GPIO_BIT1_DUTY_LO
      0027  D2  LDL RA, #18
      0028  32  LDH RA, #2
0029  [80] MOV MARL, RA
      0029  98  MOV MARL, RA
002A  [81] MOV RA, RD
      002A  81  MOV RA, RD
002B  [82] MOV M, RA
      002B  B8  MOV M, RA
002C  [84] INC #1
      002C  02  INC #1
002D  [85] MOV RA, RB
      002D  82  MOV RA, RB
002E  [86] MOV M, RA
      002E  B8  MOV M, RA
002F  [89] CLR RA
      002F  84  MOV RA, ZERO
0030  [90] NOT RA
      0030  58  NOT RA
0031  [91] MOV RA, ACC
      0031  83  MOV RA, ACC
0032  [92] CMP RA
      0032  78  CMP RA
0033  [93] JNE inc_low
      0033  C9  LDL RA, #9
      0034  32  LDH RA, #2
      0035  A8  MOV PRL, RA
      0036  B4  MOV PRH, ZERO
      0037  19  JNE
0038  [96] MOV RD, RB
      0038  8A  MOV RD, RB
0039  [97] LDI $DUTY_HI_MAX
      0039  CF  LDL RA, #15
003A  [98] CMP RA
      003A  78  CMP RA
003B  [99] JEQ prep_ramp_down
      003B  D0  LDL RA, #16
      003C  32  LDH RA, #2
      003D  A8  MOV PRL, RA
      003E  B4  MOV PRH, ZERO
      003F  18  JEQ
0040  [102] ADDI #1
      0040  49  ADDI #1
0041  [103] MOV RB, ACC
      0041  93  MOV RB, ACC
0042  [104] CLR RA
      0042  84  MOV RA, ZERO
0043  [105] MOV RD, RA
      0043  88  MOV RD, RA
0044  [106] JMPA ramp_up
      0044  C7  LDL RA, #7
      0045  31  LDH RA, #1
      0046  A8  MOV PRL, RA
      0047  B4  MOV PRH, ZERO
      0048  1F  JMP
0049  [109] ADDI #1
      0049  49  ADDI #1
004A  [110] MOV RD, ACC
      004A  8B  MOV RD, ACC
004B  [111] JMPA ramp_up
      004B  C7  LDL RA, #7
      004C  31  LDH RA, #1
      004D  A8  MOV PRL, RA
      004E  B4  MOV PRH, ZERO
      004F  1F  JMP
0050  [114] CLR RA
      0050  84  MOV RA, ZERO
0051  [115] NOT RA
      0051  58  NOT RA
0052  [116] MOV RD, ACC
      0052  8B  MOV RD, ACC
0053  [117] LDI $DUTY_HI_MAX
      0053  CF  LDL RA, #15
0054  [118] MOV RB, RA
      0054  90  MOV RB, RA
0055  [119] JMPA ramp_down
      0055  DA  LDL RA, #26
      0056  32  LDH RA, #2
      0057  A8  MOV PRL, RA
      0058  B4  MOV PRH, ZERO
      0059  1F  JMP
005A  [123] LDI $GPIO_BIT1_DUTY_LO
      005A  D2  LDL RA, #18
      005B  32  LDH RA, #2
005C  [124] MOV MARL, RA
      005C  98  MOV MARL, RA
005D  [125] MOV RA, RD
      005D  81  MOV RA, RD
005E  [126] MOV M, RA
      005E  B8  MOV M, RA
005F  [128] INC #1
      005F  02  INC #1
0060  [129] MOV RA, RB
      0060  82  MOV RA, RB
0061  [130] MOV M, RA
      0061  B8  MOV M, RA
0062  [133] CLR RA
      0062  84  MOV RA, ZERO
0063  [134] CMP RA
      0063  78  CMP RA
0064  [135] JEQ low_zero
      0064  D0  LDL RA, #16
      0065  33  LDH RA, #3
      0066  A8  MOV PRL, RA
      0067  B4  MOV PRH, ZERO
      0068  18  JEQ
0069  [136] SUBI #1
      0069  69  SUBI #1
006A  [137] MOV RD, ACC
      006A  8B  MOV RD, ACC
006B  [138] JMPA ramp_down
      006B  DA  LDL RA, #26
      006C  32  LDH RA, #2
      006D  A8  MOV PRL, RA
      006E  B4  MOV PRH, ZERO
      006F  1F  JMP
0070  [142] MOV RD, RB
      0070  8A  MOV RD, RB
0071  [143] CLR RA
      0071  84  MOV RA, ZERO
0072  [144] CMP RA
      0072  78  CMP RA
0073  [145] JEQ prep_ramp_up
      0073  C2  LDL RA, #2
      0074  34  LDH RA, #4
      0075  A8  MOV PRL, RA
      0076  B4  MOV PRH, ZERO
      0077  18  JEQ
0078  [148] SUBI #1
      0078  69  SUBI #1
0079  [149] MOV RB, ACC
      0079  93  MOV RB, ACC
007A  [150] CLR RA
      007A  84  MOV RA, ZERO
007B  [151] NOT RA
      007B  58  NOT RA
007C  [152] MOV RD, ACC
      007C  8B  MOV RD, ACC
007D  [153] JMPA ramp_down
      007D  DA  LDL RA, #26
      007E  32  LDH RA, #2
      007F  A8  MOV PRL, RA
      0080  B4  MOV PRH, ZERO
      0081  1F  JMP
0082  [156] CLR RD
      0082  8C  MOV RD, ZERO
0083  [157] CLR RB
      0083  94  MOV RB, ZERO
0084  [158] JMPA ramp_up
      0084  C7  LDL RA, #7
      0085  31  LDH RA, #1
      0086  A8  MOV PRL, RA
      0087  B4  MOV PRH, ZERO
      0088  1F  JMP
