; Source: .\examples\fpga\gpio_pwm_1khz_demo.asm
0000  [33] CLR RA
      0000  84  MOV RA, ZERO
0001  [34] CLR PRL
      0001  AC  MOV PRL, ZERO
0002  [35] CLR PRH
      0002  B4  MOV PRH, ZERO
0003  [36] CLR MARL
      0003  9C  MOV MARL, ZERO
0004  [37] CLR MARH
      0004  A4  MOV MARH, ZERO
0005  [39] LDI $GPIO_BASE_H
      0005  C8  LDL RA, #8
0006  [40] MOV MARH, RA
      0006  A0  MOV MARH, RA
0007  [43] LDI $GPIO0_PWM_PERIOD_LO
      0007  C8  LDL RA, #8
0008  [44] MOV MARL, RA
      0008  98  MOV MARL, RA
0009  [45] LDI $PWM_PERIOD_LO
      0009  D7  LDL RA, #23
      000A  33  LDH RA, #3
000B  [46] MOV M, RA
      000B  B8  MOV M, RA
000C  [49] LDI $GPIO0_PWM_PERIOD_MI
      000C  C9  LDL RA, #9
000D  [50] MOV MARL, RA
      000D  98  MOV MARL, RA
000E  [51] LDI $PWM_PERIOD_MI
      000E  C9  LDL RA, #9
      000F  33  LDH RA, #3
0010  [52] MOV M, RA
      0010  B8  MOV M, RA
0011  [55] LDI $GPIO0_PWM_PERIOD_HI
      0011  CA  LDL RA, #10
0012  [56] MOV MARL, RA
      0012  98  MOV MARL, RA
0013  [57] LDI $PWM_PERIOD_HI
      0013  C0  LDL RA, #0
0014  [58] MOV M, RA
      0014  B8  MOV M, RA
0015  [61] LDI $GPIO_BIT1_DIR_L
      0015  D1  LDL RA, #17
      0016  31  LDH RA, #1
0017  [62] MOV MARL, RA
      0017  98  MOV MARL, RA
0018  [63] LDI #1
      0018  C1  LDL RA, #1
0019  [64] MOV M, RA
      0019  B8  MOV M, RA
001A  [67] LDI $GPIO_BIT1_OUT_L
      001A  C1  LDL RA, #1
      001B  31  LDH RA, #1
001C  [68] MOV MARL, RA
      001C  98  MOV MARL, RA
001D  [69] MOV M, ZERO
      001D  BC  MOV M, ZERO
001E  [72] LDI $GPIO_BIT1_DUTY_LO
      001E  D2  LDL RA, #18
      001F  32  LDH RA, #2
0020  [73] MOV MARL, RA
      0020  98  MOV MARL, RA
0021  [74] LDI $DUTY_50_LO
      0021  C0  LDL RA, #0
0022  [75] MOV M, RA
      0022  B8  MOV M, RA
0023  [77] INC #1
      0023  02  INC #1
0024  [78] LDI $DUTY_50_HI
      0024  C8  LDL RA, #8
0025  [79] MOV M, RA
      0025  B8  MOV M, RA
0026  [82] LDI $GPIO_BIT1_PWM_EN_L
      0026  C1  LDL RA, #1
      0027  32  LDH RA, #2
0028  [83] MOV MARL, RA
      0028  98  MOV MARL, RA
0029  [84] LDI #1
      0029  C1  LDL RA, #1
002A  [85] MOV M, RA
      002A  B8  MOV M, RA
002B  [87] HLT
      002B  01  HLT
002C  [88] HLT
      002C  01  HLT
